#-----------------------------------------------------------
# Vivado v2018.3 (64-bit)
# SW Build 2405991 on Thu Dec  6 23:38:27 MST 2018
# IP Build 2404404 on Fri Dec  7 01:43:56 MST 2018
# Start of session at: Tue Jan 15 21:13:58 2019
# Process ID: 3836
# Current directory: C:/Users/Eduardo Corpeno/Desktop/LiL/Exercise Files/Vivado/AdderWithDisplay
# Command line: vivado.exe -gui_launcher_event rodinguilauncherevent28220 C:\Users\Eduardo Corpeno\Desktop\LiL\Exercise Files\Vivado\AdderWithDisplay\labasys.xpr
# Log file: C:/Users/Eduardo Corpeno/Desktop/LiL/Exercise Files/Vivado/AdderWithDisplay/vivado.log
# Journal file: C:/Users/Eduardo Corpeno/Desktop/LiL/Exercise Files/Vivado/AdderWithDisplay\vivado.jou
#-----------------------------------------------------------
start_gui
open_project {C:/Users/Eduardo Corpeno/Desktop/LiL/Exercise Files/Vivado/AdderWithDisplay/labasys.xpr}
update_compile_order -fileset sources_1
export_ip_user_files -of_objects  [get_files {{C:/Users/Eduardo Corpeno/Desktop/LiL/Exercise Files/Vivado/AdderWithDisplay/AdderWithRaster.v}}] -no_script -reset -force -quiet
remove_files  {{C:/Users/Eduardo Corpeno/Desktop/LiL/Exercise Files/Vivado/AdderWithDisplay/AdderWithRaster.v}}
